INT             int             1                               
ID              a               1               0    0x5652d46180c0
SEMICOLON       ;               1                               
INT             int             3                               
ID              main            3               1    0x5652d46180c0
LPAREN          (               3                               
RPAREN          )               3                               
LBRACE          {               4                               
INT             int             5                               
ID              a               5               2    0x5652d4eb28b0
SEMICOLON       ;               5                               
ID              a               6               2    0x5652d4eb28b0
ASSIGN          =               6                               
DECIMAL         1               6                               
ADD             +               6                               
DECIMAL         2               6                               
SEMICOLON       ;               6                               
IF              if              7                               
LPAREN          (               7                               
ID              a               7               2    0x5652d4eb28b0
LESS            <               7                               
DECIMAL         5               7                               
RPAREN          )               7                               
RETURN          return          8                               
DECIMAL         1               8                               
SEMICOLON       ;               8                               
RETURN          return          9                               
DECIMAL         0               9                               
SEMICOLON       ;               9                               
RBRACE          }               10                              
